// Jest Snapshot v1, https://goo.gl/fbAQLP

exports[`Teste de snapshot Menu should render Menu 1`] = `
<div
  class="sc-gtsrHT cfEjjb"
/>
`;
