// Jest Snapshot v1, https://goo.gl/fbAQLP

exports[`Teste de snapshot CategoriesItem should render CategoriesItem 1`] = `
<li
  class="sc-bdnxRM"
>
  <a
    class="sc-gtsrHT bjlWZU"
    href="teste"
  >
    <span
      class="sc-dlnjwi"
    >
      abc
    </span>
  </a>
</li>
`;
